// Vitest Snapshot v1, https://vitest.dev/guide/snapshot.html

exports[`coverage of the sample decks > grades each card as it did 1`] = `
{
  "Abundance": "manual",
  "Access Tunnel": "auto",
  "Aesi, Tyrant of Gyre Strait": "auto",
  "Allosaurus Rider": "partial",
  "Anax, Hardened in the Forge": "auto",
  "Anger": "partial",
  "Anguished Unmaking": "auto",
  "Animist's Awakening": "partial",
  "Arbor Adherent": "auto",
  "Arboreal Grazer": "auto",
  "Arcane Signet": "auto",
  "Ash Barrens": "auto",
  "Ashnod's Altar": "auto",
  "Atla Palani, Nest Tender": "auto",
  "Avenger of Zendikar": "auto",
  "Awakening Zone": "auto",
  "Axebane Guardian": "auto",
  "Baldin, Century Herdmaster": "auto",
  "Beanstalk Giant // Fertile Footsteps": "auto",
  "Behind the Scenes": "auto",
  "Betor, Ancestor's Voice": "partial",
  "Blackblade Reforged": "auto",
  "Blighted Woodland": "auto",
  "Blisterpod": "auto",
  "Bojuka Bog": "auto",
  "Boundless Realms": "auto",
  "Brindle Shoat": "auto",
  "Broken Bond": "auto",
  "Brokers Hideout": "auto",
  "Cabaretti Ascendancy": "auto",
  "Cankerbloom": "auto",
  "Canopy Gargantuan": "auto",
  "Canopy Vista": "auto",
  "Carven Caryatid": "auto",
  "Cathar Commando": "auto",
  "Chasm Skulker": "partial",
  "Cloakwood Hermit": "manual",
  "Coiling Oracle": "auto",
  "Colfenor's Urn": "manual",
  "Command Tower": "auto",
  "Confounding Conundrum": "auto",
  "Crash of Rhino Beetles": "auto",
  "Crashing Drawbridge": "auto",
  "Cultivate": "auto",
  "Daxos, Blessed by the Sun": "auto",
  "Deceptive Landscape": "auto",
  "Despark": "auto",
  "Dragonlord Dromoka": "auto",
  "Druid Class": "partial",
  "Dryad of the Ilysian Grove": "partial",
  "Dusk // Dawn": "auto",
  "Emrakul's Evangel": "manual",
  "Engulf the Shore": "manual",
  "Eternity Vessel": "partial",
  "Evolving Wilds": "auto",
  "Exotic Orchard": "auto",
  "Expel the Interlopers": "manual",
  "Explore": "auto",
  "Explosive Vegetation": "auto",
  "Faeburrow Elder": "auto",
  "Far Wanderings": "auto",
  "Fecundity": "auto",
  "Feed the Swarm": "auto",
  "Felothar the Steadfast": "auto",
  "Flameshadow Conjuring": "partial",
  "Fortified Village": "auto",
  "Foster": "auto",
  "Fresh Meat": "manual",
  "From Beyond": "auto",
  "Gerrard, Weatherlight Hero": "partial",
  "Ghost Town": "auto",
  "Gift of Immortality": "partial",
  "Gleaming Barrier": "auto",
  "Graypelt Refuge": "auto",
  "Growth Spiral": "auto",
  "Gutter Grime": "manual",
  "Harrow": "auto",
  "Haywire Mite": "auto",
  "Hedge Shredder": "partial",
  "High Market": "auto",
  "Hofri Ghostforge": "partial",
  "Horn of Greed": "auto",
  "Hornet Nest": "partial",
  "Hornet Queen": "auto",
  "Ikra Shidiqi, the Usurper": "auto",
  "Impact Tremors": "auto",
  "Indomitable Ancients": "auto",
  "Infernal Grasp": "auto",
  "Into the Wilds": "auto",
  "Isolated Chapel": "auto",
  "Jaddi Offshoot": "auto",
  "Jaws of Defeat": "auto",
  "Jungle Shrine": "auto",
  "Kari Zev's Expertise": "partial",
  "Khalni Heart Expedition": "partial",
  "Kodama's Reach": "auto",
  "Koma, World-Eater": "auto",
  "Krenko, Tin Street Kingpin": "auto",
  "Krosan Verge": "auto",
  "Lightning Coils": "partial",
  "Loot, Exuberant Explorer": "auto",
  "Mana Breach": "manual",
  "Mentor of the Meek": "auto",
  "Might Makes Right": "manual",
  "Mimic Vat": "manual",
  "Minsc, Beloved Ranger": "partial",
  "Mistmoon Griffin": "partial",
  "Mitotic Slime": "auto",
  "Mob Rule": "auto",
  "Mogg War Marshal": "partial",
  "Multani, Yavimaya's Avatar": "partial",
  "Myriad Landscape": "auto",
  "Nissa, Who Shakes the World": "partial",
  "Norn's Wellspring": "auto",
  "Nyx-Fleece Ram": "auto",
  "One with the Multiverse": "manual",
  "Oran-Rief Hydra": "auto",
  "Orzhov Signet": "auto",
  "Outpost Siege": "manual",
  "Overgrown Battlement": "auto",
  "Overgrown Farmland": "auto",
  "Parcelbeast": "partial",
  "Path of Ancestry": "auto",
  "Phyrexian Rebirth": "auto",
  "Primal Druid": "auto",
  "Prismatic Undercurrents": "auto",
  "Promise of Bunrei": "auto",
  "Radiant Grove": "auto",
  "Rally the Ancestors": "partial",
  "Rampaging Baloths": "auto",
  "Rampant Growth": "auto",
  "Rampart Architect": "auto",
  "Reach the Horizon": "manual",
  "Relic of Legends": "partial",
  "Reliquary Tower": "auto",
  "Renegade Rallier": "manual",
  "Requiem Angel": "auto",
  "Reunion of the House": "partial",
  "Rhox Faithmender": "auto",
  "Rogue's Passage": "auto",
  "Roil Elemental": "auto",
  "Ruin Grinder": "partial",
  "Saffi Eriksdotter": "manual",
  "Sakura-Tribe Elder": "auto",
  "Sakura-Tribe Scout": "auto",
  "Sandsteppe Citadel": "auto",
  "Scale the Heights": "auto",
  "Scute Mob": "auto",
  "Search for Tomorrow": "partial",
  "Season of Growth": "partial",
  "Seedborn Muse": "auto",
  "Selesnya Signet": "auto",
  "Shalai, Voice of Plenty": "auto",
  "Sidar Kondo of Jamuraa": "auto",
  "Simic Growth Chamber": "auto",
  "Simic Signet": "auto",
  "Skullclamp": "auto",
  "Slash the Ranks": "manual",
  "Slaughter the Strong": "manual",
  "Sol Ring": "auto",
  "Solemn Simulacrum": "auto",
  "Spectator Seating": "auto",
  "Springbloom Druid": "auto",
  "Stalking Vengeance": "auto",
  "Steelbane Hydra": "auto",
  "Sungrass Prairie": "auto",
  "Sunpetal Grove": "auto",
  "Swiftfoot Boots": "auto",
  "Sword of the Animist": "auto",
  "Swords to Plowshares": "auto",
  "Sylvan Awakening": "manual",
  "Sylvan Caryatid": "auto",
  "Séance": "manual",
  "Tatyova, Benthic Druid": "auto",
  "Teferi's Ageless Insight": "manual",
  "Temple of Abandon": "auto",
  "Temple of Malady": "auto",
  "Temple of Plenty": "auto",
  "Temple of Silence": "auto",
  "Temple of Triumph": "auto",
  "Tempt with Discovery": "auto",
  "Terramorphic Expanse": "auto",
  "Thriving Bluff": "auto",
  "Thriving Grove": "auto",
  "Tip the Scales": "auto",
  "Tocasia's Welcome": "auto",
  "Tower Defense": "auto",
  "Towering Titan": "auto",
  "Traitorous Greed": "partial",
  "Twilight Mire": "auto",
  "Undercellar Myconid": "auto",
  "Undergrowth Champion": "partial",
  "Veteran Explorer": "auto",
  "Vicious Shadows": "manual",
  "Vinelasher Kudzu": "auto",
  "Viridian Emissary": "auto",
  "Voracious Hydra": "auto",
  "Wall of Blossoms": "auto",
  "Wall of Limbs": "auto",
  "Wall of Omens": "auto",
  "Wall of Reverence": "auto",
  "Wall of Roots": "partial",
  "Warstorm Surge": "auto",
  "Wayward Swordtooth": "partial",
  "Weathered Sentinels": "auto",
  "Welcoming Vampire": "auto",
  "Will of the Abzan": "manual",
  "Woodland Cemetery": "auto",
  "Zetalpa, Primal Dawn": "auto",
}
`;
